// Jest Snapshot v1, https://goo.gl/fbAQLP

exports[`<Timer /> [Timer] prefix - 지속시간: 지속시간 1`] = `
.c0 {
  font-weight: 300;
  font-size: 0.875rem;
  line-height: 1.25rem;
  font-style: italic;
}

<p
  class="c0"
>
  <span>
    지속시간
     
  </span>
  <span>
    00:00
  </span>
</p>
`;
